// Jest Snapshot v1, https://goo.gl/fbAQLP

exports[`Renders Tooltip Data Correctly 1`] = `null`;
