// Jest Snapshot v1, https://goo.gl/fbAQLP

exports[`Renders <Notification /> No Message 1`] = `
<div
  className="sc-AxjAm dXYzTG"
>
  <div />
</div>
`;

exports[`Renders <Notification /> With Message 1`] = `
<div
  className="sc-AxjAm NnIan"
>
  <div>
    Something went wrong.
  </div>
</div>
`;
